// Jest Snapshot v1, https://goo.gl/fbAQLP

exports[`matches snapshot 1`] = `
<DocumentFragment>
  <div
    class="Todo"
  >
    Test Task
    <button
      class="Todo-button"
    >
      edit
    </button>
    <button
      class="Todo-button"
    >
      X
    </button>
  </div>
</DocumentFragment>
`;
