// Jest Snapshot v1, https://goo.gl/fbAQLP

exports[`matches snapshot 1`] = `
<DocumentFragment>
  <form
    class="NewBoxForm"
  >
    <label
      for="width"
    >
      Width:
    </label>
    <input
      id="width"
      min="1"
      name="width"
      type="number"
      value=""
    />
    <label
      for="height"
    >
      Height:
    </label>
    <input
      id="height"
      min="1"
      name="height"
      type="number"
      value=""
    />
    <label
      for="color"
    >
      Color:
    </label>
    <input
      id="color"
      min="1"
      name="color"
      type="text"
      value=""
    />
    <button
      type="submit"
    >
      Add Box
    </button>
  </form>
</DocumentFragment>
`;
